---
source: crates/memtrack/tests/stack_tests.rs
expression: format_events(&events)
---
[
    "Malloc { size: 64, has_stack: false }",
    "Free { has_stack: false }",
    "Malloc { size: 64, has_stack: false }",
    "Free { has_stack: false }",
    "Malloc { size: 64, has_stack: false }",
    "Free { has_stack: false }",
    "Malloc { size: 64, has_stack: false }",
    "Free { has_stack: false }",
    "Malloc { size: 64, has_stack: false }",
    "Free { has_stack: false }",
    "Malloc { size: 64, has_stack: false }",
    "Free { has_stack: false }",
    "Malloc { size: 64, has_stack: false }",
    "Free { has_stack: false }",
    "Malloc { size: 64, has_stack: false }",
    "Free { has_stack: false }",
    "Malloc { size: 64, has_stack: false }",
    "Free { has_stack: false }",
    "Malloc { size: 64, has_stack: false }",
    "Free { has_stack: false }",
    "Malloc { size: 64, has_stack: false }",
    "Free { has_stack: false }",
    "Malloc { size: 64, has_stack: false }",
    "Free { has_stack: false }",
    "Malloc { size: 64, has_stack: false }",
    "Free { has_stack: false }",
    "Malloc { size: 64, has_stack: false }",
    "Free { has_stack: false }",
    "Malloc { size: 64, has_stack: false }",
    "Free { has_stack: false }",
    "Malloc { size: 64, has_stack: false }",
    "Free { has_stack: false }",
    "Malloc { size: 64, has_stack: false }",
    "Free { has_stack: false }",
    "Malloc { size: 64, has_stack: false }",
    "Free { has_stack: false }",
    "Malloc { size: 64, has_stack: false }",
    "Free { has_stack: false }",
    "Malloc { size: 64, has_stack: false }",
    "Free { has_stack: false }",
    "Malloc { size: 64, has_stack: false }",
    "Free { has_stack: false }",
    "Malloc { size: 64, has_stack: false }",
    "Free { has_stack: false }",
    "Malloc { size: 64, has_stack: false }",
    "Free { has_stack: false }",
    "Malloc { size: 64, has_stack: false }",
    "Free { has_stack: false }",
    "Malloc { size: 64, has_stack: false }",
    "Free { has_stack: false }",
    "Malloc { size: 64, has_stack: false }",
    "Free { has_stack: false }",
    "Malloc { size: 64, has_stack: false }",
    "Free { has_stack: false }",
    "Malloc { size: 64, has_stack: false }",
    "Free { has_stack: false }",
    "Malloc { size: 64, has_stack: false }",
    "Free { has_stack: false }",
    "Malloc { size: 64, has_stack: false }",
    "Free { has_stack: false }",
    "Malloc { size: 64, has_stack: false }",
    "Free { has_stack: false }",
    "Malloc { size: 64, has_stack: false }",
    "Free { has_stack: false }",
    "Malloc { size: 64, has_stack: false }",
    "Free { has_stack: false }",
    "Malloc { size: 64, has_stack: false }",
    "Free { has_stack: false }",
    "Malloc { size: 64, has_stack: false }",
    "Free { has_stack: false }",
    "Malloc { size: 64, has_stack: false }",
    "Free { has_stack: false }",
    "Malloc { size: 64, has_stack: false }",
    "Free { has_stack: false }",
    "Malloc { size: 64, has_stack: false }",
    "Free { has_stack: false }",
    "Malloc { size: 64, has_stack: false }",
    "Free { has_stack: false }",
    "Malloc { size: 64, has_stack: false }",
    "Free { has_stack: false }",
    "Malloc { size: 64, has_stack: false }",
    "Free { has_stack: false }",
    "Malloc { size: 64, has_stack: false }",
    "Free { has_stack: false }",
    "Malloc { size: 64, has_stack: false }",
    "Free { has_stack: false }",
    "Malloc { size: 64, has_stack: false }",
    "Free { has_stack: false }",
    "Malloc { size: 64, has_stack: false }",
    "Free { has_stack: false }",
    "Malloc { size: 64, has_stack: false }",
    "Free { has_stack: false }",
    "Malloc { size: 64, has_stack: false }",
    "Free { has_stack: false }",
    "Malloc { size: 64, has_stack: false }",
    "Free { has_stack: false }",
    "Malloc { size: 64, has_stack: false }",
    "Free { has_stack: false }",
    "Malloc { size: 64, has_stack: false }",
    "Free { has_stack: false }",
    "Malloc { size: 192, has_stack: false }",
    "Free { has_stack: false }",
    "Malloc { size: 192, has_stack: false }",
    "Free { has_stack: false }",
    "Malloc { size: 192, has_stack: false }",
    "Free { has_stack: false }",
    "Malloc { size: 192, has_stack: false }",
    "Free { has_stack: false }",
    "Malloc { size: 192, has_stack: false }",
    "Free { has_stack: false }",
    "Malloc { size: 192, has_stack: false }",
    "Free { has_stack: false }",
    "Malloc { size: 192, has_stack: false }",
    "Free { has_stack: false }",
    "Malloc { size: 192, has_stack: false }",
    "Free { has_stack: false }",
    "Malloc { size: 192, has_stack: false }",
    "Free { has_stack: false }",
    "Malloc { size: 192, has_stack: false }",
    "Free { has_stack: false }",
    "Malloc { size: 192, has_stack: false }",
    "Free { has_stack: false }",
    "Malloc { size: 192, has_stack: false }",
    "Free { has_stack: false }",
    "Malloc { size: 192, has_stack: false }",
    "Free { has_stack: false }",
    "Malloc { size: 192, has_stack: false }",
    "Free { has_stack: false }",
    "Malloc { size: 192, has_stack: false }",
    "Free { has_stack: false }",
    "Malloc { size: 192, has_stack: false }",
    "Free { has_stack: false }",
    "Malloc { size: 192, has_stack: false }",
    "Free { has_stack: false }",
    "Malloc { size: 192, has_stack: false }",
    "Free { has_stack: false }",
    "Malloc { size: 192, has_stack: false }",
    "Free { has_stack: false }",
    "Malloc { size: 192, has_stack: false }",
    "Free { has_stack: false }",
    "Malloc { size: 192, has_stack: false }",
    "Free { has_stack: false }",
    "Malloc { size: 192, has_stack: false }",
    "Free { has_stack: false }",
    "Malloc { size: 192, has_stack: false }",
    "Free { has_stack: false }",
    "Malloc { size: 192, has_stack: false }",
    "Free { has_stack: false }",
    "Malloc { size: 192, has_stack: false }",
    "Free { has_stack: false }",
    "Malloc { size: 192, has_stack: false }",
    "Free { has_stack: false }",
    "Malloc { size: 192, has_stack: false }",
    "Free { has_stack: false }",
    "Malloc { size: 192, has_stack: false }",
    "Free { has_stack: false }",
    "Malloc { size: 192, has_stack: false }",
    "Free { has_stack: false }",
    "Malloc { size: 192, has_stack: false }",
    "Free { has_stack: false }",
    "Malloc { size: 192, has_stack: false }",
    "Free { has_stack: false }",
    "Malloc { size: 192, has_stack: false }",
    "Free { has_stack: false }",
    "Malloc { size: 192, has_stack: false }",
    "Free { has_stack: false }",
    "Malloc { size: 192, has_stack: false }",
    "Free { has_stack: false }",
    "Malloc { size: 192, has_stack: false }",
    "Free { has_stack: false }",
    "Malloc { size: 192, has_stack: false }",
    "Free { has_stack: false }",
    "Malloc { size: 192, has_stack: false }",
    "Free { has_stack: false }",
    "Malloc { size: 192, has_stack: false }",
    "Free { has_stack: false }",
    "Malloc { size: 192, has_stack: false }",
    "Free { has_stack: false }",
    "Malloc { size: 192, has_stack: false }",
    "Free { has_stack: false }",
    "Malloc { size: 192, has_stack: false }",
    "Free { has_stack: false }",
    "Malloc { size: 192, has_stack: false }",
    "Free { has_stack: false }",
    "Malloc { size: 192, has_stack: false }",
    "Free { has_stack: false }",
    "Malloc { size: 192, has_stack: false }",
    "Free { has_stack: false }",
    "Malloc { size: 192, has_stack: false }",
    "Free { has_stack: false }",
    "Malloc { size: 192, has_stack: false }",
    "Free { has_stack: false }",
    "Malloc { size: 192, has_stack: false }",
    "Free { has_stack: false }",
    "Malloc { size: 192, has_stack: false }",
    "Free { has_stack: false }",
    "Malloc { size: 192, has_stack: false }",
    "Free { has_stack: false }",
    "Malloc { size: 192, has_stack: false }",
    "Free { has_stack: false }",
]
