---
source: crates/memtrack/tests/stack_tests.rs
expression: format_events(&events)
---
[
    "Malloc { size: 1024, has_stack: true }",
    "Malloc { size: 2048, has_stack: true }",
    "Malloc { size: 4096, has_stack: true }",
    "Free { has_stack: true }",
    "Free { has_stack: true }",
    "Free { has_stack: true }",
]
